[goviva.vn/index.html]
[ajax.googleapis.com/ajax/libs/jquery/1.11.0/jquery.min.js]
[maxcdn.bootstrapcdn.com/bootstrap/3.3.7/css/bootstrap.min.css]
[cdnjs.cloudflare.com/ajax/libs/font-awesome/4.7.0/css/font-awesome.min.css]
[cdn.shopify.com/s/files/1/0294/4958/4715/files/favicon_183bc6a5-a284-4449-8931-c0939c71da35_32x325e89.png]
[backblue.gif]
[fade.gif]
[index.html]
[cdn.shopify.com/s/files/1/0294/4958/4715/t/4/assets/theme.scssc061.css]
[cdn.shopify.com/s/files/1/0294/4958/4715/t/4/assets/owl.carousel.mindd00.css]
[cdn.shopify.com/s/files/1/0294/4958/4715/t/4/assets/animate.scssb9b1.css]
[cdn.shopify.com/s/files/1/0294/4958/4715/t/4/assets/bxslider.scssca11.css]
[maxcdn.bootstrapcdn.com/bootstrap/3.3.7/js/bootstrap.min.js]
[cdn.shopify.com/s/files/1/0294/4958/4715/t/4/assets/custom.scss540b.css]
[cdn.shopify.com/shopifycloud/shopify/assets/themes_support/api.jquery-e94e010e92e659b566dbc436fdfe5242764380e00398907a14955ba301a4749f.js]
[cdn.shopify.com/s/files/1/0294/4958/4715/t/4/assets/quickviewf6e3.js]
[cdn.shopify.com/s/files/1/0294/4958/4715/t/4/assets/lazysizes2ff6.js]
[cdn.shopify.com/s/files/1/0294/4958/4715/t/4/assets/shopf939.js]
[cdn.shopify.com/s/files/1/0294/4958/4715/t/4/assets/cookie5cbc.js]
[cdn.shopify.com/s/files/1/0294/4958/4715/t/4/assets/themeec26.js]
[cdn.shopify.com/s/files/1/0294/4958/4715/t/4/assets/magnifyd366.js]
[cdn.shopify.com/s/files/1/0294/4958/4715/t/4/assets/owl.carousel.min5cd3.js]
[cdn.shopify.com/s/files/1/0294/4958/4715/t/4/assets/cartscrolld0aa.js]
[cdn.shopify.com/s/files/1/0294/4958/4715/t/4/assets/parallax85d0.js]
[cdn.shopify.com/shopifycloud/storefront-recaptcha-v3/v0.6/index.js]
[cdn.shopify.com/s/files/1/0294/4958/4715/t/4/assets/vendorc2a7.js]
[cdn.shopify.com/shopifycloud/shopify/assets/storefront/load_feature-a55261a7a987674749989983b5889eadaac6795d8d48548fb61470a96edb9524.js]
[cdn.shopify.com/shopifycloud/shopify/assets/storefront/features-87e8399988880142f2c62771b9d8f2ff6c290b3ff745dd426eb0dfe0db9d1dae.js]
[cdn.weglot.com/weglot.min.js]
[goviva.vn/POST.1a.delayed]
[cdn.shopify.com/s/trekkie.storefront.d53285200e21338c222e3530239ec8b5a93fda5f.min.js]
[cdn.shopify.com/shopifycloud/boomerang/shopify-boomerang-1.0.0.min.js]
[cdn.shopify.com/shopifycloud/shopify/assets/shop_events_listener-565deac0c7edc7850a7762c24c560f0a9670aa5c52a728e9dbb43d5a7887c1d4.js]
[www.google-analytics.com/analytics.js]
[cdn.shopify.com/s/files/1/0294/4958/4715/files/LOGO_WEB_2_c915a246-09b5-4e4d-8ffd-b1542c58882c_large6840.png]
[cdn.shopify.com/s/files/1/0294/4958/4715/files/Screen_Shot_2021-09-14_at_14.01.07_large0fcf.png]
[goviva.vn/collections/all.html]
[goviva.vn/collections/1865-by-vina-san-pedro.html]
[goviva.vn/collections/gatonegro.html]
[goviva.vn/collections/j-p-chenet-by-groupe-gcf.html]
[goviva.vn/collections/ayala.html]
[goviva.vn/collections/9lives-by-gatonegro.html]
[goviva.vn/collections/chateau-roubine.html]
[goviva.vn/collections/torbreck.html]
[goviva.vn/collections/bollinger.html]
[goviva.vn/collections/domaine-chanson.html]
[goviva.vn/collections/famille-jm-cazes.html]
[goviva.vn/collections/catena-zapata.html]
[goviva.vn/collections/dog-point-vineyard.html]
[goviva.vn/collections/castillo-de-molina-by-vina-san-pedro.html]
[goviva.vn/products/opus-one.html]
[goviva.vn/collections/caymus.html]
[goviva.vn/collections/duckhorn.html]
[goviva.vn/collections/white.html]
[goviva.vn/collections/red-wine.html]
[goviva.vn/collections/rose.html]
[goviva.vn/collections/sparkling-wine.html]
[goviva.vn/collections/champagne.html]
[goviva.vn/collections/american-wines.html]
[goviva.vn/collections/argentine-wines.html]
[goviva.vn/collections/australian-wine.html]
[goviva.vn/collections/chilean-wines.html]
[goviva.vn/collections/french-wines.html]
[goviva.vn/collections/german-wines.html]
[goviva.vn/collections/italian-wines.html]
[goviva.vn/collections/new-zealand-wines.html]
[goviva.vn/collections/spanish-wines.html]
[goviva.vn/pages/the-viva-story.html]
[goviva.vn/collections/italian-wine]
[goviva.vn/pages/sommelier-on-demand.html]
[goviva.vn/blogs/news-1.html]
[goviva.vn/collections/wines-for-celebration.html]
[goviva.vn/collections/wines-for-lifestyle.html]
[goviva.vn/collections/wines-for-entertainment.html]
[goviva.vn/cart.html]
[goviva.vn/account/login4236.html]
[cdn.shopify.com/s/files/1/0294/4958/4715/files/web_banner_Hallowent_02-4_2048x6589.jpg]
[goviva.vn/products/1865-master-blend.html]
[cdn.shopify.com/s/files/1/0294/4958/4715/files/WhatsApp_Image_2021-10-13_at_13.49.35_2048x7bff.jpg]
[cdn.shopify.com/s/files/1/0294/4958/4715/files/web_banner_Bio_Organic-4_2048xc8a1.jpg]
[goviva.vn/products/caymus-napa-valley-cabernet-sauvignon3981.html]
[goviva.vn/collections/featured-products.html]
[cdn.shopify.com/s/files/1/0294/4958/4715/files/Picture3_a59348a8-0895-44b5-9848-465cac3de9b6_440x3010271.png]
[cdn.shopify.com/s/files/1/0294/4958/4715/files/Picture1_eed62d73-6d94-43de-8719-a10baa744c92_440x301927f.png]
[cdn.shopify.com/s/files/1/0294/4958/4715/files/Picture2_f614d12d-8ec9-45ba-be24-8cb6732eddac_440x301aa7f.png]
[cdn.shopify.com/s/files/1/0294/4958/4715/products/gatonegrored_370x480e607.png]
[goviva.vn/collections/featured-products/products/gato-negro.html]
[goviva.vn/pages/wishlist]
[cdn.shopify.com/s/files/1/0294/4958/4715/products/gatonegrorede607.png]
[cdn.shopify.com/s/files/1/0294/4958/4715/products/output-onlinepngtools-5_370x480f5f7.png]
[cdn.shopify.com/s/files/1/0294/4958/4715/products/output-onlinepngtools-5f5f7.png]
[goviva.vn/collections/featured-products/products/9lives-vina-san-pedro.html]
[goviva.vn/collections/featured-products/products/torbreck-old-vines-2017.html]
[cdn.shopify.com/s/files/1/0294/4958/4715/products/Torbreck-Old-Vines-Grenache-Shiraz-Mourvedre-2005_370x4800720.png]
[cdn.shopify.com/s/files/1/0294/4958/4715/products/Torbreck-Old-Vines-Grenache-Shiraz-Mourvedre-2012_2_370x4800720.png]
[cdn.shopify.com/s/files/1/0294/4958/4715/products/Torbreck-Old-Vines-Grenache-Shiraz-Mourvedre-20050720.png]
[cdn.shopify.com/s/files/1/0294/4958/4715/products/Zonin-prosecco-cuvee-1821-01_370x4800e16.png]
[goviva.vn/collections/featured-products/products/zonin-prosecco-cuvee-1821.html]
[cdn.shopify.com/s/files/1/0294/4958/4715/products/Zonin-prosecco-cuvee-1821-010e16.png]
[goviva.vn/collections/featured-products/products/gatonegro-sauvignon-blanc.html]
[cdn.shopify.com/s/files/1/0294/4958/4715/products/GatoNegro-SauvignonBlanc_370x480402a.png]
[cdn.shopify.com/s/files/1/0294/4958/4715/products/GatoNegro-SauvignonBlanc402a.png]
[cdn.shopify.com/s/files/1/0294/4958/4715/products/Gaja-Ca_Marcanda-Promis-03-03_370x480135f.png]
[goviva.vn/collections/featured-products/products/gaja-camarcanda-promis.html]
[cdn.shopify.com/s/files/1/0294/4958/4715/products/GAJA-Ca_Marcanda-promis_370x480135f.png]
[cdn.shopify.com/s/files/1/0294/4958/4715/products/Gaja-Ca_Marcanda-Promis-03-03135f.png]
[goviva.vn/collections/featured-products/products/zonin-pinot-grigio-delle-venezie.html]
[cdn.shopify.com/s/files/1/0294/4958/4715/products/zonin-pinot-grigio-delle-venezie-01_370x48094c5.png]
[cdn.shopify.com/s/files/1/0294/4958/4715/products/zonin-pinot-grigio-delle-venezie-0194c5.png]
[cdn.shopify.com/s/files/1/0294/4958/4715/products/domaine-vacheron-sancerre-rouge-01_370x480bdda.png]
[goviva.vn/collections/featured-products/products/domaine-vacheron-sancerre-rouge.html]
[cdn.shopify.com/s/files/1/0294/4958/4715/products/domaine-vacheron-sancerre-rouge-01bdda.png]
[cdn.shopify.com/s/files/1/0294/4958/4715/products/Torbreck-the-steading_370x4807a5f.png]
[goviva.vn/collections/featured-products/products/torbreck-the-steading.html]
[cdn.shopify.com/s/files/1/0294/4958/4715/products/Torbreck-the-steading7a5f.png]
[cdn.shopify.com/s/files/1/0294/4958/4715/products/domaine-vacheron-sancerre-blanc-01_370x480ec11.png]
[cdn.shopify.com/s/files/1/0294/4958/4715/products/domaine-vacheron-sancerre-blanc-01ec11.png]
[goviva.vn/collections/featured-products/products/domaine-vacheron-sancerre-blanc.html]
[goviva.vn/collections/featured-products/products/zonin-20-ventitterre-chianti.html]
[cdn.shopify.com/s/files/1/0294/4958/4715/products/Zonin-20-ventiterre-chianti-01_370x480577b.png]
[cdn.shopify.com/s/files/1/0294/4958/4715/products/Zonin-20-ventiterre-chianti-01577b.png]
[goviva.vn/collections/featured-products/products/lodalet-chardonnay.html]
[cdn.shopify.com/s/files/1/0294/4958/4715/products/l_odalet-chardonnay-01_370x480ac38.png]
[cdn.shopify.com/s/files/1/0294/4958/4715/products/l_odalet-chardonnay-01ac38.png]
[cdn.shopify.com/s/files/1/0294/4958/4715/products/l_odalet-cabernet-sauvignon-01_370x480cc68.png]
[goviva.vn/collections/featured-products/products/lodalet-cabernet-sauvignon.html]
[cdn.shopify.com/s/files/1/0294/4958/4715/products/l_odalet-cabernet-sauvignon-01cc68.png]
[goviva.vn/collections/featured-products/products/yangarra-mclaren-vale-roussanne.html]
[cdn.shopify.com/s/files/1/0294/4958/4715/products/Yangarra-mclaren-vale-roussanne-01_370x480f457.png]
[cdn.shopify.com/s/files/1/0294/4958/4715/products/Yangarra-mclaren-vale-roussanne-01f457.png]
[goviva.vn/collections/featured-products/products/yangarra-mclaren-vale-pf-shiraz-organic.html]
[cdn.shopify.com/s/files/1/0294/4958/4715/products/Yangarra-PF-shiraz-mclaren-vale-01_370x4802570.png]
[cdn.shopify.com/s/files/1/0294/4958/4715/products/Yangarra-PF-shiraz-mclaren-vale-012570.png]
[goviva.vn/collections/featured-products/products/9lives-reserve-sauvignon-blanc.html]
[cdn.shopify.com/s/files/1/0294/4958/4715/products/9lives-sauvignon-blanc-01_370x4802722.png]
[cdn.shopify.com/s/files/1/0294/4958/4715/products/9lives-sauvignon-blanc-012722.png]
[goviva.vn/collections/featured-products/products/catena-zapata-malbec-argentino.html]
[cdn.shopify.com/s/files/1/0294/4958/4715/products/catena-zapata-malbec-argentino-2_370x480240c.png]
[cdn.shopify.com/s/files/1/0294/4958/4715/products/catena-zapata-malbec-argentino-2240c.png]
[cdn.shopify.com/s/files/1/0294/4958/4715/products/Torbreck-Woodcutter_s-Shiraz_370x480eec2.png]
[goviva.vn/collections/featured-products/products/torbreck-woodcutters-2018.html]
[cdn.shopify.com/s/files/1/0294/4958/4715/products/Torbreck_-_Woodcutter_s_Shiraz_1.5L_370x480eec2.png]
[cdn.shopify.com/s/files/1/0294/4958/4715/products/Torbreck-Woodcutter_s-Shirazeec2.png]
[cdn.shopify.com/s/files/1/0294/4958/4715/products/JP-chenet-divine-pinot-noir-rose-demi-sec_370x48089d6.png]
[goviva.vn/collections/featured-products/products/jp-chenet-divine-pinot-noir-rose-demi-sec.html]
[cdn.shopify.com/s/files/1/0294/4958/4715/products/JP-chenet-divine-pinot-noir-rose-demi-sec89d6.png]
[cdn.shopify.com/s/files/1/0294/4958/4715/products/Bollinger-Special-Cuvee_370x48005a3.png]
[goviva.vn/collections/featured-products/products/bollinger-special-cuvee.html]
[cdn.shopify.com/s/files/1/0294/4958/4715/products/bollingerspecialcuvee375ml_370x48005a3.png]
[cdn.shopify.com/s/files/1/0294/4958/4715/products/Bollinger-Special-Cuvee05a3.png]
[goviva.vn/collections/our-best-sellers/products/9lives-vina-san-pedro.html]
[cdn.shopify.com/s/files/1/0294/4958/4715/products/bollinger-007-limited-edition-2011-magnum_370x4805d98.png]
[goviva.vn/collections/our-best-sellers/products/bollinger-007-limited-edition-millesime-2011.html]
[cdn.shopify.com/s/files/1/0294/4958/4715/products/bollinger-007-limited-edition-millesime-2011_370x4805d98.png]
[cdn.shopify.com/s/files/1/0294/4958/4715/products/bollinger-007-limited-edition-2011-magnum5d98.png]
[cdn.shopify.com/s/files/1/0294/4958/4715/products/bollinger-pn-vz15_370x4802d6b.png]
[cdn.shopify.com/s/files/1/0294/4958/4715/products/bollinger-pn-vz152d6b.png]
[goviva.vn/collections/our-best-sellers/products/bollinger-pnvz15-brut-champagne.html]
[goviva.vn/collections/our-best-sellers/products/bollinger-la-cote-aux-enfants.html]
[cdn.shopify.com/s/files/1/0294/4958/4715/products/Bollinger-LaCoteAuxEnfants15_370x480f850.png]
[cdn.shopify.com/s/files/1/0294/4958/4715/products/Bollinger-LaCoteAuxEnfants_370x480f850.png]
[cdn.shopify.com/s/files/1/0294/4958/4715/products/Bollinger-LaCoteAuxEnfants15f850.png]
[goviva.vn/collections/our-best-sellers/products/bollinger-la-grande-annee.html]
[cdn.shopify.com/s/files/1/0294/4958/4715/products/bollinger-la-grande-annee-1604757_370x480451e.jpg]
[cdn.shopify.com/s/files/1/0294/4958/4715/products/bollinger-la-grande-annee-1604757451e.jpg]
[goviva.vn/collections/our-best-sellers/products/bollinger-rose.html]
[cdn.shopify.com/s/files/1/0294/4958/4715/products/2_370x4808e7c.png]
[cdn.shopify.com/s/files/1/0294/4958/4715/products/1_370x480571a.png]
[cdn.shopify.com/s/files/1/0294/4958/4715/products/28e7c.png]
[goviva.vn/collections/our-best-sellers/products/1865-master-blend.html]
[cdn.shopify.com/s/files/1/0294/4958/4715/products/1865-MasterBlend_370x4803f99.png]
[cdn.shopify.com/s/files/1/0294/4958/4715/products/1865-MasterBlend3f99.png]
[cdn.shopify.com/s/files/1/0294/4958/4715/products/Bollinger-LaGrandeAnnee-Rose_370x4804812.png]
[goviva.vn/collections/our-best-sellers/products/bollinger-la-grande-annee-rose.html]
[cdn.shopify.com/s/files/1/0294/4958/4715/products/Bollinger-LaGrandeAnnee-Rose4812.png]
[goviva.vn/collections/our-best-sellers/products/champagne-bollinger-rose-limited-edition-2006.html]
[cdn.shopify.com/s/files/1/0294/4958/4715/products/ChampagneBollinger-Rose_370x4809b29.png]
[cdn.shopify.com/s/files/1/0294/4958/4715/products/Bollinger-Rose-LimitedEdition_withbox_370x48088b8.png]
[cdn.shopify.com/s/files/1/0294/4958/4715/products/ChampagneBollinger-Rose9b29.png]
[goviva.vn/collections/our-best-sellers/products/9lives-reserve-sauvignon-blanc.html]
[cdn.shopify.com/s/files/1/0294/4958/4715/products/1865-selected-vineyards-sauvignon-blanc-01-02_370x480fbe4.png]
[goviva.vn/collections/our-best-sellers/products/1865-selected-vineyards-sauvignon-blanc.html]
[cdn.shopify.com/s/files/1/0294/4958/4715/products/1865-selected-vineyards-sauvignon-blanc_370x480fbe4.png]
[cdn.shopify.com/s/files/1/0294/4958/4715/products/1865-selected-vineyards-sauvignon-blanc-01-02fbe4.png]
[cdn.shopify.com/s/files/1/0294/4958/4715/products/1865-selected-vineyards-cabernet-sauvignon-1-01_370x4803fd3.png]
[cdn.shopify.com/s/files/1/0294/4958/4715/products/1865-selected-vineyards-cabernet-sauvignon_370x4803fd3.png]
[goviva.vn/collections/our-best-sellers/products/1865-selected-vineyards-cabernet-sauvignon-2017.html]
[cdn.shopify.com/s/files/1/0294/4958/4715/products/1865-selected-vineyards-cabernet-sauvignon-1-013fd3.png]
[cdn.shopify.com/s/files/1/0294/4958/4715/files/Picture1_0d938122-7bb0-4524-b212-69ea3c7181ec_570x561d4d4.png]
[goviva.vn/collections/our-best-sellers/products/bollinger-special-cuvee.html]
[cdn.shopify.com/s/files/1/0294/4958/4715/files/red-wine-category_96x963b51.png]
[cdn.shopify.com/s/files/1/0294/4958/4715/files/white-wine-category_96x969209.png]
[cdn.shopify.com/s/files/1/0294/4958/4715/files/Rose-category_96x964a14.png]
[cdn.shopify.com/s/files/1/0294/4958/4715/files/sparkling-wine-category_96x96ec2d.png]
[goviva.vn/collections/red-wine/products/gato-negro.html]
[goviva.vn/collections/red-wine/products/9lives-vina-san-pedro.html]
[goviva.vn/collections/red-wine/products/torbreck-old-vines-2017.html]
[cdn.shopify.com/s/files/1/0294/4958/4715/products/catena-malbec-01_370x4800e03.png]
[cdn.shopify.com/s/files/1/0294/4958/4715/products/catena-malbec-010e03.png]
[goviva.vn/collections/red-wine/products/catena-malbec.html]
[goviva.vn/collections/red-wine/products/batiste-de-vignac-bordeaux.html]
[cdn.shopify.com/s/files/1/0294/4958/4715/products/BatistedeVignac-Bordeaux_370x48050d1.png]
[cdn.shopify.com/s/files/1/0294/4958/4715/products/BatistedeVignac-Bordeaux50d1.png]
[goviva.vn/collections/red-wine/products/decoy-sonoma-country-cabernet-sauvignon.html]
[cdn.shopify.com/s/files/1/0294/4958/4715/products/decoy-sonoma-county-cabernet-sauvignon_370x480ae27.png]
[cdn.shopify.com/s/files/1/0294/4958/4715/products/decoy-sonoma-county-cabernet-sauvignonae27.png]
[goviva.vn/collections/red-wine/products/duckhorn-vineyards-napa-valley-merlot.html]
[cdn.shopify.com/s/files/1/0294/4958/4715/products/Duckhorn-Napa-Valley-Merlot-03_370x480eff1.png]
[cdn.shopify.com/s/files/1/0294/4958/4715/products/Duckhorn-Napa-Valley-Merlot-03eff1.png]
[goviva.vn/collections/red-wine/products/saint-estephe-famille-jm-cazes.html]
[cdn.shopify.com/s/files/1/0294/4958/4715/products/Famille-JM-Cazes-Saint-Estephe_370x480dd3d.png]
[cdn.shopify.com/s/files/1/0294/4958/4715/products/Famille-JM-Cazes-Saint-Estephedd3d.png]
[cdn.shopify.com/s/files/1/0294/4958/4715/files/9lives-logo_160x160@2x73ec.png]
[cdn.shopify.com/s/files/1/0294/4958/4715/files/1865-logo_160x160@2x5fbd.png]
[cdn.shopify.com/s/files/1/0294/4958/4715/files/bollinger-logo_160x160@2x7568.png]
[cdn.shopify.com/s/files/1/0294/4958/4715/files/gatonegro-logo_160x160@2x61d0.png]
[goviva.vn/collections/paul-jaboulet-aine.html]
[cdn.shopify.com/s/files/1/0294/4958/4715/files/pja-logo_160x160@2x80da.png]
[goviva.vn/files/viva-footer.da.delayed]
[goviva.vn/post]
[goviva.vn/index.html]
[maxcdn.bootstrapcdn.com/bootstrap/3.3.7/css/bootstrap.min.css]
[cdnjs.cloudflare.com/ajax/libs/font-awesome/4.7.0/css/font-awesome.min.css]
[cdn.shopify.com/s/files/1/0294/4958/4715/t/4/assets/ajax-loader2ab5.gif]
[cdn.shopify.com/s/files/1/0294/4958/4715/t/4/assets/theme.scssc061.css]
[cdn.shopify.com/s/files/1/0294/4958/4715/t/4/assets/owl.carousel.mindd00.css]
[cdn.shopify.com/s/files/1/0294/4958/4715/t/4/assets/animate.scssb9b1.css]
[cdn.shopify.com/s/files/1/0294/4958/4715/t/4/assets/bxslider.scssca11.css]
[cdn.shopify.com/s/files/1/0294/4958/4715/t/4/assets/pattern725b.png]
[cdn.shopify.com/s/files/1/0294/4958/4715/t/4/assets/custom.scss540b.css]
[goviva.vn/a/l/vi/index.html]
[goviva.vn/POST.html]
[goviva.vn/collections/all.atom]
[goviva.vn/collections/all4658.html]
[goviva.vn/collections/POST]
[goviva.vn/collections/all/america.html]
[goviva.vn/collections/all/argentina.html]
[goviva.vn/collections/all/australia.html]
[goviva.vn/collections/all/chardonnay.html]
[goviva.vn/collections/all/chile.html]
[goviva.vn/collections/all/france.html]
[goviva.vn/collections/all/germany.html]
[goviva.vn/collections/all/italy.html]
[goviva.vn/collections/all/new-zealand.html]
[goviva.vn/collections/all/portugal.html]
[cdn.shopify.com/s/files/1/0294/4958/4715/products/gatonegrored_69x89e607.png]
[cdn.shopify.com/s/files/1/0294/4958/4715/products/gatonegrored_195x195@2xe607.png]
[goviva.vn/collections/all/spain.html]
[cdn.shopify.com/s/files/1/0294/4958/4715/products/output-onlinepngtools-5_69x89f5f7.png]
[cdn.shopify.com/s/files/1/0294/4958/4715/products/output-onlinepngtools-5_195x195@2xf5f7.png]
[cdn.shopify.com/s/files/1/0294/4958/4715/products/Torbreck-Old-Vines-Grenache-Shiraz-Mourvedre-2005_69x890720.png]
[cdn.shopify.com/s/files/1/0294/4958/4715/products/Torbreck-Old-Vines-Grenache-Shiraz-Mourvedre-2005_195x195@2x0720.png]
[cdn.shopify.com/s/files/1/0294/4958/4715/products/Zonin-prosecco-cuvee-1821-01_69x890e16.png]
[cdn.shopify.com/s/files/1/0294/4958/4715/products/Zonin-prosecco-cuvee-1821-01_195x195@2x0e16.png]
[cdn.shopify.com/s/files/1/0294/4958/4715/products/GatoNegro-SauvignonBlanc_69x89402a.png]
[cdn.shopify.com/s/files/1/0294/4958/4715/products/GatoNegro-SauvignonBlanc_195x195@2x402a.png]
[goviva.vn/collections/all/index.html]
[goviva.vn/products/1865-selected-vineyards-cabernet-sauvignon-2017.html]
[goviva.vn/products/1865-selected-vineyards-sauvignon-blanc.html]
[goviva.vn/products/9lives-vina-san-pedro.html]
[goviva.vn/products/9lives-reserve-sauvignon-blanc.html]
[cdn.shopify.com/s/files/1/0294/4958/4715/products/alamos-cabernet-sauvignon_370x480e26d.png]
[cdn.shopify.com/s/files/1/0294/4958/4715/products/alamos-cabernet-sauvignone26d.png]
[goviva.vn/products/alamos-catena-zapata-2018.html]
[cdn.shopify.com/s/files/1/0294/4958/4715/products/Alamos-chardonnay-01_370x480773f.png]
[goviva.vn/products/alamos-chardonnay.html]
[cdn.shopify.com/s/files/1/0294/4958/4715/products/Alamos-chardonnay-01773f.png]
[cdn.shopify.com/s/files/1/0294/4958/4715/products/alamos-malbec_370x4802b14.png]
[goviva.vn/products/alamos-malbec.html]
[cdn.shopify.com/s/files/1/0294/4958/4715/products/alamos-malbec2b14.png]
[goviva.vn/products/almaviva-2015.html]
[cdn.shopify.com/s/files/1/0294/4958/4715/products/Almaviva2015_370x48002ba.png]
[cdn.shopify.com/s/files/1/0294/4958/4715/products/Almaviva201502ba.png]
[cdn.shopify.com/s/files/1/0294/4958/4715/products/Altano-DocDouroWhite2016_370x480b4bd.png]
[goviva.vn/products/altano-doc-douro-white.html]
[cdn.shopify.com/s/files/1/0294/4958/4715/products/Altano-DocDouroWhite2017_370x480b4bd.png]
[cdn.shopify.com/s/files/1/0294/4958/4715/products/Altano-DocDouroWhite2016b4bd.png]
[cdn.shopify.com/s/files/1/0294/4958/4715/products/AltanoReserva-DocDouroRed2015_370x48070a5.png]
[goviva.vn/products/altano-reserva-doc-douro-red-2015.html]
[cdn.shopify.com/s/files/1/0294/4958/4715/products/AltanoReserva-DocDouroRed201570a5.png]
[goviva.vn/products/antinori-solaia.html]
[cdn.shopify.com/s/files/1/0294/4958/4715/products/Antinori-Solaia_370x4802bb2.png]
[cdn.shopify.com/s/files/1/0294/4958/4715/products/Antinori-Solaia2bb2.png]
[cdn.shopify.com/s/files/1/0294/4958/4715/products/Ayala-Brut-Majeur_370x4806031.png]
[goviva.vn/products/ayala-brut-majeur.html]
[cdn.shopify.com/s/files/1/0294/4958/4715/products/Ayala-Brut-Majeur6031.png]
[goviva.vn/products/ayala-rose-majeur.html]
[cdn.shopify.com/s/files/1/0294/4958/4715/products/Ayala-RoseMajeur_370x48019d4.png]
[cdn.shopify.com/s/files/1/0294/4958/4715/products/Ayala-RoseMajeur19d4.png]
[goviva.vn/products/ayala-blanc-de-blancs.html]
[cdn.shopify.com/s/files/1/0294/4958/4715/products/AyalaBlancdeBlancs_370x480db4d.png]
[cdn.shopify.com/s/files/1/0294/4958/4715/products/AyalaBlancdeBlancsdb4d.png]
[goviva.vn/collections/all9ba9.html]
[goviva.vn/collections/all1d82.html]
[goviva.vn/collections/files/viva-footer.12d.delayed]
[goviva.vn/collections/post]
[goviva.vn/collections/all.html]
[goviva.vn/collections/1865-by-vina-san-pedro.atom]
[goviva.vn/collections/1865-by-vina-san-pedro.oembed]
[cdn.shopify.com/s/files/1/0294/4958/4715/files/1865-black-03_480x48036ee.png]
[goviva.vn/collections/1865-by-vina-san-pedro/chile.html]
[goviva.vn/collections/1865-by-vina-san-pedro/index.html]
[goviva.vn/collections/1865-by-vina-san-pedro/products/1865-master-blend.html]
[goviva.vn/collections/1865-by-vina-san-pedro.html]
[goviva.vn/collections/1865-by-vina-san-pedro/products/1865-selected-vineyards-sauvignon-blanc.html]
[goviva.vn/collections/1865-by-vina-san-pedro/products/1865-selected-vineyards-cabernet-sauvignon-2017.html]
[goviva.vn/collections/gatonegro.atom]
[goviva.vn/collections/gatonegro.oembed]
[cdn.shopify.com/s/files/1/0294/4958/4715/files/gatonegro-logo_79bb0823-8a86-4cb5-b949-4b49422d1505_480x48021e7.png]
[goviva.vn/collections/gatonegro.html]
[goviva.vn/collections/j-p-chenet-by-groupe-gcf.atom]
[goviva.vn/collections/gatonegro/index.html]
[goviva.vn/collections/j-p-chenet-by-groupe-gcf.oembed]
[goviva.vn/collections/j-p-chenet-by-groupe-gcf.html]
[cdn.shopify.com/s/files/1/0294/4958/4715/files/JP_Chenet_b6ee852f-ab87-4416-a82d-02464b78037c_480x480206b.png]
[goviva.vn/collections/ayala.atom]
[goviva.vn/collections/j-p-chenet-by-groupe-gcf/index.html]
[goviva.vn/collections/ayala.oembed]
[cdn.shopify.com/s/files/1/0294/4958/4715/files/Ayala_logo-02_480x480af13.png]
[goviva.vn/collections/ayala/france.html]
[goviva.vn/collections/ayala/index.html]
[goviva.vn/collections/ayala/products/ayala-brut-majeur.html]
[goviva.vn/collections/ayala/products/ayala-blanc-de-blancs.html]
[cdn.shopify.com/s/files/1/0294/4958/4715/products/Lapostolle-ClosApalta2014_1_370x4805ff5.png]
[cdn.shopify.com/s/files/1/0294/4958/4715/products/Lapostolle-ClosApalta2014_15ff5.png]
[goviva.vn/collections/ayala/products/ayala-brut-nature-zero-dosage.html]
[goviva.vn/collections/ayala.html]
[goviva.vn/collections/9lives-by-gatonegro.atom]
[goviva.vn/collections/ayala/products/ayala-rose-majeur.html]
[goviva.vn/collections/9lives-by-gatonegro.oembed]
[cdn.shopify.com/s/files/1/0294/4958/4715/files/9_lives_480x4807a09.png]
[goviva.vn/collections/9lives-by-gatonegro/chile.html]
[goviva.vn/collections/9lives-by-gatonegro/index.html]
[goviva.vn/collections/9lives-by-gatonegro/products/9lives-vina-san-pedro.html]
[goviva.vn/collections/9lives-by-gatonegro.html]
[goviva.vn/collections/9lives-by-gatonegro/products/9lives-reserve-sauvignon-blanc.html]
[goviva.vn/collections/torbreck.atom]
[goviva.vn/collections/torbreck.oembed]
[cdn.shopify.com/s/files/1/0294/4958/4715/files/Torbreck_logo_480x480579b.png]
[goviva.vn/collections/torbreck/australia.html]
[goviva.vn/collections/torbreck/index.html]
[goviva.vn/collections/torbreck/products/torbreck-old-vines-2017.html]
[cdn.shopify.com/s/files/1/0294/4958/4715/products/Torbreck-Barossa-TheStruie_370x480a710.png]
[cdn.shopify.com/s/files/1/0294/4958/4715/products/Torbreck-Barossa-TheStruiea710.png]
[goviva.vn/collections/torbreck/products/torbreck-barossa-the-struie.html]
[goviva.vn/collections/torbreck/products/torbreck-the-steading.html]
[cdn.shopify.com/s/files/1/0294/4958/4715/products/Torbreck-Descendant_370x48097f6.png]
[cdn.shopify.com/s/files/1/0294/4958/4715/products/Torbreck-Descendant97f6.png]
[goviva.vn/collections/torbreck/products/torbreck-descendant.html]
[goviva.vn/collections/torbreck/products/torbreck-the-laird.html]
[cdn.shopify.com/s/files/1/0294/4958/4715/products/Torbreck-TheLaird_370x480e805.png]
[cdn.shopify.com/s/files/1/0294/4958/4715/products/Torbreck-TheLairde805.png]
[cdn.shopify.com/s/files/1/0294/4958/4715/products/torbreck-the-steading-blanc-01_370x4801abd.png]
[goviva.vn/collections/torbreck/products/torbreck-the-steading-blanc.html]
[cdn.shopify.com/s/files/1/0294/4958/4715/products/torbreck-the-steading-blanc-011abd.png]
[cdn.shopify.com/s/files/1/0294/4958/4715/products/torbreck-runrig-01_370x4806369.png]
[goviva.vn/collections/torbreck/products/torbreck-runrig.html]
[cdn.shopify.com/s/files/1/0294/4958/4715/products/torbreck-runrig-016369.png]
[goviva.vn/collections/torbreck/products/torbreck-woodcutters-2018.html]
[goviva.vn/collections/torbreck.html]
[goviva.vn/collections/chateau-roubine.atom]
[goviva.vn/collections/chateau-roubine.oembed]
[cdn.shopify.com/s/files/1/0294/4958/4715/files/chateau_roubine-02-02_480x4805605.png]
[goviva.vn/collections/chateau-roubine/france.html]
[goviva.vn/collections/chateau-roubine/index.html]
[cdn.shopify.com/s/files/1/0294/4958/4715/products/ChateauRoubine-CruClassePremiumCotedeProvenceBlanc_370x48040c6.png]
[goviva.vn/collections/chateau-roubine/products/chateau-roubine-cru-class-premium-cote-de-provence-blanc.html]
[cdn.shopify.com/s/files/1/0294/4958/4715/products/ChateauRoubine-CruClassePremiumCotedeProvenceBlanc40c6.png]
[goviva.vn/collections/chateau-roubine/products/chateau-roubine-cru-classe-rose.html]
[cdn.shopify.com/s/files/1/0294/4958/4715/products/Chateauroubinepremiumrose_370x4802b09.png]
[cdn.shopify.com/s/files/1/0294/4958/4715/products/Chateauroubinepremiumrose2b09.png]
[cdn.shopify.com/s/files/1/0294/4958/4715/products/Chateau-Roubin-R-de-roubine-rose_370x480c51e.png]
[goviva.vn/collections/chateau-roubine/products/r-from-chateau-roubine.html]
[cdn.shopify.com/s/files/1/0294/4958/4715/products/Chateau-Roubin-R-de-roubine-rosec51e.png]
[goviva.vn/collections/chateau-roubine.html]
[goviva.vn/collections/domaine-chanson.atom]
[goviva.vn/collections/domaine-chanson.oembed]
[cdn.shopify.com/s/files/1/0294/4958/4715/files/Chanson_480x480b521.png]
[goviva.vn/collections/domaine-chanson/france.html]
[cdn.shopify.com/s/files/1/0294/4958/4715/products/DomaineChanson-ChassagneMontrachet1erCru_LesChenevottes_370x4804099.png]
[goviva.vn/collections/domaine-chanson/index.html]
[cdn.shopify.com/s/files/1/0294/4958/4715/products/DomaineChanson-ChassagneMontrachet1erCru_LesChenevottes4099.png]
[goviva.vn/collections/domaine-chanson/products/domaine-chanson-chassagne-montrachet-1er-cru-les-chenevottes.html]
[cdn.shopify.com/s/files/1/0294/4958/4715/products/DomaineChanson-PulignyMontrachet_370x480eb8b.png]
[goviva.vn/collections/domaine-chanson/products/domaine-chanson-puligny-montrachet.html]
[cdn.shopify.com/s/files/1/0294/4958/4715/products/DomaineChanson-PulignyMontracheteb8b.png]
[goviva.vn/collections/domaine-chanson/products/domaine-chanson-chablis-1er-cru-montmains.html]
[cdn.shopify.com/s/files/1/0294/4958/4715/products/DomaineChanson-Chablis1erCruMontmains_370x48051ac.png]
[cdn.shopify.com/s/files/1/0294/4958/4715/products/DomaineChanson-Chablis1erCruMontmains51ac.png]
[cdn.shopify.com/s/files/1/0294/4958/4715/products/DomaineChanson-PouillyFuisse_370x48061fb.png]
[cdn.shopify.com/s/files/1/0294/4958/4715/products/DomaineChanson-PouillyFuisse61fb.png]
[goviva.vn/collections/domaine-chanson/products/domaine-chanson-pouilly-fuisse.html]
[goviva.vn/collections/domaine-chanson/products/domaine-chanson-chablis.html]
[cdn.shopify.com/s/files/1/0294/4958/4715/products/DomaineChanson-Chablis_370x480b1b9.png]
[cdn.shopify.com/s/files/1/0294/4958/4715/products/DomaineChanson-Chablisb1b9.png]
[cdn.shopify.com/s/files/1/0294/4958/4715/products/DomainChanson-Beaune1erCru_Teurons_370x480ce96.png]
[goviva.vn/collections/domaine-chanson/products/domain-chanson-beaune-1er-cru-teurons.html]
[cdn.shopify.com/s/files/1/0294/4958/4715/products/DomainChanson-Beaune1erCru_Teuronsce96.png]
[cdn.shopify.com/s/files/1/0294/4958/4715/products/DomaineChanson-BeauneBastion1erCru_370x480d0f3.png]
[goviva.vn/collections/domaine-chanson/products/domaine-chanson-beaune-bastion-1er-cru.html]
[cdn.shopify.com/s/files/1/0294/4958/4715/products/DomaineChanson-BeauneBastion1erCrud0f3.png]
[cdn.shopify.com/s/files/1/0294/4958/4715/products/DomaineChanson-BeaujolaisVillages_370x48084df.png]
[goviva.vn/collections/domaine-chanson/products/domaine-chanson-beaujolais-villages.html]
[cdn.shopify.com/s/files/1/0294/4958/4715/products/DomaineChanson-BeaujolaisVillages84df.png]
[cdn.shopify.com/s/files/1/0294/4958/4715/products/DomaineChanson-Nuits-Saint-Georges_370x4807081.png]
[goviva.vn/collections/domaine-chanson/products/domaine-chanson-nuits-saint-georges.html]
[cdn.shopify.com/s/files/1/0294/4958/4715/products/DomaineChanson-Nuits-Saint-Georges7081.png]
[goviva.vn/collections/domaine-chanson/products/domaine-chanson-santenay.html]
[cdn.shopify.com/s/files/1/0294/4958/4715/products/DomaineChansonSantenay_370x4801426.png]
[cdn.shopify.com/s/files/1/0294/4958/4715/products/DomaineChansonSantenay1426.png]
[cdn.shopify.com/s/files/1/0294/4958/4715/products/DomaineChanson-Vire-Clesse_370x480a5ae.png]
[cdn.shopify.com/s/files/1/0294/4958/4715/products/DomaineChanson-Vire-Clessea5ae.png]
[goviva.vn/collections/domaine-chanson/products/domaine-chanson-vire-clesse.html]
[goviva.vn/collections/domaine-chanson/products/domaine-chanson-corton-grand-cru.html]
[cdn.shopify.com/s/files/1/0294/4958/4715/products/DomaineChanson-CortonGrandCru_370x480cb6c.png]
[cdn.shopify.com/s/files/1/0294/4958/4715/products/DomaineChanson-CortonGrandCrucb6c.png]
[cdn.shopify.com/s/files/1/0294/4958/4715/products/Domaine-chanson-bourgogne-chardonnay_370x48084b6.png]
[goviva.vn/collections/domaine-chanson/products/domaine-chanson-bourgogne-chardonnay.html]
[cdn.shopify.com/s/files/1/0294/4958/4715/products/Domaine-chanson-bourgogne-chardonnay84b6.png]
[goviva.vn/collections/domaine-chanson/products/le-bourgogne-pinot-noir-chanson-2016.html]
[cdn.shopify.com/s/files/1/0294/4958/4715/products/Chanson-Pere-Fils-Le-Bourgogne-PinotNoir-Burgundy_370x4805241.png]
[cdn.shopify.com/s/files/1/0294/4958/4715/products/Chanson-Pere-Fils-Le-Bourgogne-PinotNoir-Burgundy5241.png]
[cdn.shopify.com/s/files/1/0294/4958/4715/products/Domaine-Chanson-Macon-Villages_370x4808723.png]
[goviva.vn/collections/domaine-chanson/products/macon-villages-domaine-chanson.html]
[cdn.shopify.com/s/files/1/0294/4958/4715/products/Domaine-Chanson-Macon-Villages8723.png]
[goviva.vn/collections/domaine-chanson.html]
[goviva.vn/collections/bollinger.atom]
[goviva.vn/collections/bollinger.oembed]
[goviva.vn/collections/bollinger/france.html]
[cdn.shopify.com/s/files/1/0294/4958/4715/files/bollinger-02_b36e727b-bad3-423c-99bb-b04261cd7ce8_480x480ca17.png]
[goviva.vn/collections/bollinger/index.html]
[goviva.vn/collections/bollinger/products/bollinger-007-limited-edition-millesime-2011.html]
[goviva.vn/collections/bollinger/products/bollinger-pnvz15-brut-champagne.html]
[goviva.vn/collections/bollinger/products/bollinger-la-cote-aux-enfants.html]
[goviva.vn/collections/bollinger/products/bollinger-la-grande-annee.html]
[goviva.vn/collections/bollinger/products/bollinger-rose.html]
[goviva.vn/collections/bollinger/products/bollinger-la-grande-annee-rose.html]
[goviva.vn/collections/bollinger/products/champagne-bollinger-rose-limited-edition-2006.html]
[goviva.vn/collections/bollinger.html]
[goviva.vn/collections/bollinger/products/bollinger-special-cuvee.html]
[goviva.vn/collections/famille-jm-cazes.atom]
[goviva.vn/collections/famille-jm-cazes.oembed]
[cdn.shopify.com/s/files/1/0294/4958/4715/files/Famille_JM_Cazes_480x48049e3.jpg]
[goviva.vn/collections/famille-jm-cazes/france.html]
[goviva.vn/collections/famille-jm-cazes/index.html]
[goviva.vn/collections/famille-jm-cazes/products/saint-estephe-famille-jm-cazes.html]
[cdn.shopify.com/s/files/1/0294/4958/4715/products/Montagne-Noir-Syrah_370x4801e13.png]
[cdn.shopify.com/s/files/1/0294/4958/4715/products/Montagne-Noir-Syrah1e13.png]
[goviva.vn/collections/famille-jm-cazes/products/famille-jm-cazes-pauillac-de-lynch-bages.html]
[goviva.vn/collections/famille-jm-cazes/products/montagne-noire-famille-jm-cazes-1.html]
[cdn.shopify.com/s/files/1/0294/4958/4715/products/FamilleJMCazes-Pauillac_370x4803eb6.png]
[cdn.shopify.com/s/files/1/0294/4958/4715/products/FamilleJMCazes-Pauillac2015_370x4803eb6.png]
[cdn.shopify.com/s/files/1/0294/4958/4715/products/FamilleJMCazes-Pauillac3eb6.png]
[cdn.shopify.com/s/files/1/0294/4958/4715/products/Montagne-Noire-Chardonnay-2016_370x48087c8.png]
[goviva.vn/collections/famille-jm-cazes/products/montagne-noire-famille-jm-cazes.html]
[cdn.shopify.com/s/files/1/0294/4958/4715/products/Montagne-Noire-Chardonnay-201687c8.png]
[goviva.vn/collections/famille-jm-cazes.html]
[goviva.vn/collections/catena-zapata.atom]
[goviva.vn/collections/catena-zapata.oembed]
[goviva.vn/collections/catena-zapata/argentina.html]
[goviva.vn/collections/catena-zapata/products/catena-malbec.html]
[goviva.vn/collections/catena-zapata/index.html]
[cdn.shopify.com/s/files/1/0294/4958/4715/products/catena-cabernet-sauvignon-01_370x48060e7.png]
[cdn.shopify.com/s/files/1/0294/4958/4715/products/catena-cabernet-sauvignon-0160e7.png]
[goviva.vn/collections/catena-zapata/products/catena-cabernet-sauvignon.html]
[goviva.vn/collections/catena-zapata/products/catena-zapata-adrianna-vineyard-white-bones-chardonnay.html]
[cdn.shopify.com/s/files/1/0294/4958/4715/products/CatenaZapata-AdriannaVineyardWhiteBonesChardonnay_370x4809d32.png]
[cdn.shopify.com/s/files/1/0294/4958/4715/products/CatenaZapata-AdriannaVineyardWhiteBonesChardonnay9d32.png]
[cdn.shopify.com/s/files/1/0294/4958/4715/products/CatenaZapataChardonnay_370x4807b6d.png]
[goviva.vn/collections/catena-zapata/products/catena-zapata-chardonnay.html]
[cdn.shopify.com/s/files/1/0294/4958/4715/products/CatenaZapataChardonnay7b6d.png]
[cdn.shopify.com/s/files/1/0294/4958/4715/products/CatenaZapata-AdriannaVineyardRiverStonesMalbec_370x480452d.png]
[goviva.vn/collections/catena-zapata/products/catena-zapata-adrianna-vineyard-river-stones-malbec.html]
[cdn.shopify.com/s/files/1/0294/4958/4715/products/CatenaZapata-AdriannaVineyardRiverStonesMalbec452d.png]
[goviva.vn/collections/catena-zapata/products/catena-zapata-nicasia-vineyard.html]
[cdn.shopify.com/s/files/1/0294/4958/4715/products/CatenaZapataNicasiaVineyard_370x4807c4f.png]
[cdn.shopify.com/s/files/1/0294/4958/4715/products/CatenaZapataNicasiaVineyard7c4f.png]
[cdn.shopify.com/s/files/1/0294/4958/4715/products/CatenaZapata-AdriannaVineyard-WhiteStones_370x4804ea8.png]
[goviva.vn/collections/catena-zapata/products/catena-zapata-adrianna-vineyard-white-stones.html]
[cdn.shopify.com/s/files/1/0294/4958/4715/products/CatenaZapata-AdriannaVineyard-WhiteStones4ea8.png]
[cdn.shopify.com/s/files/1/0294/4958/4715/products/CatenaZapata-NicolasCatenaZapata-CabernetSauvignon_370x480a6cc.png]
[goviva.vn/collections/catena-zapata/products/catena-zapata-nicolas-catena-zapata-cabernet-sauvignon-1-5l.html]
[cdn.shopify.com/s/files/1/0294/4958/4715/products/CatenaZapata-NicolasCatenaZapata-CabernetSauvignon1.5L_370x4807d24.png]
[cdn.shopify.com/s/files/1/0294/4958/4715/products/CatenaZapata-NicolasCatenaZapata-CabernetSauvignona6cc.png]
[cdn.shopify.com/s/files/1/0294/4958/4715/products/CatenaZapata-CatenaAltaMalbec_370x480fc20.png]
[goviva.vn/collections/catena-zapata/products/catena-zapata-catena-alta-malbec.html]
[cdn.shopify.com/s/files/1/0294/4958/4715/products/CatenaZapata-CatenaAltaMalbecfc20.png]
[cdn.shopify.com/s/files/1/0294/4958/4715/products/CatenaZapata-AdriannaVineyard-FortunaTerraeMalbec_370x4808175.png]
[goviva.vn/collections/catena-zapata/products/catena-zapata-adrianna-vineyard-fortuna-terrae-malbec.html]
[cdn.shopify.com/s/files/1/0294/4958/4715/products/CatenaZapata-AdriannaVineyard-FortunaTerraeMalbec8175.png]
[goviva.vn/collections/catena-zapata.html]
[goviva.vn/collections/dog-point-vineyard.atom]
[goviva.vn/collections/catena-zapata/products/catena-zapata-malbec-argentino.html]
[goviva.vn/collections/dog-point-vineyard.oembed]
[goviva.vn/collections/dog-point-vineyard/new-zealand.html]
[cdn.shopify.com/s/files/1/0294/4958/4715/products/DogPointVineyard-Section94-SauvignonBlanc-Marlborough_370x480864a.png]
[cdn.shopify.com/s/files/1/0294/4958/4715/products/DogPointVineyard-Section94-SauvignonBlanc-Marlborough864a.png]
[goviva.vn/collections/dog-point-vineyard/index.html]
[goviva.vn/collections/dog-point-vineyard/products/dog-point-vineyard-section-94-sauvignon-blanc-marlborough.html]
[cdn.shopify.com/s/files/1/0294/4958/4715/products/dog-point-vineyard-sauvignon-blanc-marlborough-01_370x4802bc6.png]
[goviva.vn/collections/dog-point-vineyard/products/dog-point-vineyard-sauvignon-blanc-marlborough.html]
[cdn.shopify.com/s/files/1/0294/4958/4715/products/dog-point-vineyard-sauvignon-blanc-marlborough-012bc6.png]
[goviva.vn/collections/dog-point-vineyard/products/dog-point-vineyard-pinot-noir-marlborough.html]
[cdn.shopify.com/s/files/1/0294/4958/4715/products/dog-point-pinot-noir-marlborough_370x48098c5.png]
[cdn.shopify.com/s/files/1/0294/4958/4715/products/dog-point-pinot-noir-marlborough98c5.png]
[goviva.vn/collections/dog-point-vineyard.html]
[goviva.vn/collections/castillo-de-molina-by-vina-san-pedro.atom]
[goviva.vn/collections/castillo-de-molina-by-vina-san-pedro.oembed]
[cdn.shopify.com/s/files/1/0294/4958/4715/files/castillo-de-molina_480x480ccb7.png]
[goviva.vn/collections/castillo-de-molina-by-vina-san-pedro/chile.html]
[goviva.vn/collections/castillo-de-molina-by-vina-san-pedro/products/castillo-de-molina-cabernet-sauvignon.html]
[goviva.vn/collections/castillo-de-molina-by-vina-san-pedro/index.html]
[cdn.shopify.com/s/files/1/0294/4958/4715/products/castillo-de-Molina-cabernet-sauvignon-01_370x480a317.png]
[cdn.shopify.com/s/files/1/0294/4958/4715/products/castillo-de-Molina-cabernet-sauvignon-01a317.png]
[goviva.vn/collections/castillo-de-molina-by-vina-san-pedro/products/castillo-de-molina-reserva-1.html]
[cdn.shopify.com/s/files/1/0294/4958/4715/products/Castillo-de-Molina-Syrah-Reserva_370x4808a0b.png]
[cdn.shopify.com/s/files/1/0294/4958/4715/products/Castillo-de-Molina-Syrah-Reserva8a0b.png]
[goviva.vn/collections/castillo-de-molina-by-vina-san-pedro/products/castillo-de-molina-reserva.html]
[cdn.shopify.com/s/files/1/0294/4958/4715/products/Castillo-de-Molina-Sauvignon-Blanc-reserva_370x4808892.png]
[cdn.shopify.com/s/files/1/0294/4958/4715/products/Castillo-de-Molina-Sauvignon-Blanc-reserva8892.png]
[goviva.vn/collections/castillo-de-molina-by-vina-san-pedro.html]
[goviva.vn/products/opus-one.oembed]
[goviva.vn/products/POST.204.delayed]
[cdn.shopify.com/s/files/1/0294/4958/4715/products/opus-one_800x2bcb.png]
[cdn.shopify.com/s/files/1/0294/4958/4715/products/opus-one_771x10002bcb.png]
[goviva.vn/products/products/opus-one.png]
[cdn.shopify.com/s/files/1/0294/4958/4715/files/Taste_480x480fd3c.png]
[goviva.vn/collections/4th-of-july-parade-of-flavors/products/decoy-sonoma-country-cabernet-sauvignon.html]
[goviva.vn/collections/4th-of-july-parade-of-flavors/products/duckhorn-vineyards-napa-valley-merlot.html]
[goviva.vn/collections/4th-of-july-parade-of-flavors/products/caymus-napa-valley-cabernet-sauvignon]
[goviva.vn/products/opus-one.html]
[goviva.vn/collections/caymus.html]
